AT_COLL#phys.atmol.collisional
AT_COLL_EXCIT-RATE#arith.rate;phys.atmol.collisional
AT_COLL_STRENGTH#phys.atmol.collStrength
AT_CONFIG#phys.atmol.configuration
AT_CONSTANT#arith.zp
AT_DAMPING#phys.damping
AT_DAMPING_VDWAALS#arith.factor;phys.damping
AT_DATA#phys.atmol
AT_DEGENERACY#phys.electron.degen
AT_DIPOLE#phys.mol.dipole
AT_DIPOLE_MISC#phys.mol.dipole
AT_DIPOLE_MOMENT#phys.mol.dipole
AT_EIGENVECTOR#stat.param
AT_ELEC-COEFF#phys.polarization.stokes
AT_ELEMENT#phys.atmol.element
AT_EMISSIVITY#phys.atmol.collisional
AT_ENERGY_BAND#meta.code;instr.bandpass
AT_ENERGY_DIFF#stat.fit.omc;phys.energy
AT_ENERGY_EXCIT#phys.energy;phys.atmol.excitation
AT_ENERGY_FORMATION#phys.mol.formationHeat
AT_ENERGY_IONIZ#phys.energy;phys.atmol.ionization
AT_ENERGY_LEVEL#phys.energy;phys.atmol.level
AT_ENERGY_POTENTIAL#phys.energy;phys.atmol.level
AT_ENERGY_ROTATION#phys.energy;phys.mol.rotation
AT_ENERGY_TOTAL#phys.energy
AT_FREQUENCY#em.freq
AT_FREQUENCY_NU#em.freq
AT_FREQUENCY_ROTAT#phys.veloc.rotat
AT_FS_COLL-STR#phys.atmol.collStrength
AT_FS_CONSTANT#stat.param
AT_FS_SPLIT#phys.energy;phys.atmol.level;arith.diff
AT_GA#phys.atmol.transProb
AT_INTENSITY#spect.line.intensity
AT_ION#phys.atmol.ionStage
AT_ION_ID#phys.atmol.ionStage
AT_ION_STAGE#phys.atmol.ionStage
AT_LANDE-FACT#phys.atmol.oscStrength
AT_LEVEL#phys.atmol.qn
AT_LIFETIME#time.lifetime;phys.atmol.level
AT_LINE_EMISSIVITY#phys.emissivity
AT_LINE_FLUOR-YIELD#phys.emissivity
AT_LINE_ID#meta.id;spect.line
AT_LINE_STRENGTH#spect.line.strength
AT_MAIN-TERM#phys.atmol.term
AT_MOL_DIEL-FN#phys.dielectric
AT_MOL_DISS-ENRGY#phys.energy;phys.mol.dissociation
AT_MOL_ID#meta.id;phys.mol
AT_MOL_LEVEL#phys.atmol.level
AT_MULTIPLET#phys.atmol.level
AT_MULTIPLET_ID#phys.atmol.level
AT_MULTIPLET_N#phys.atmol.level
AT_NUMBER#phys.atmol.number
AT_OSC#phys.atmol.oscStrength
AT_OSC_STRENGTH#phys.atmol.oscStrength
AT_PARITY#phys.atmol.parity
AT_Q-N_ANG-MOM#phys.atmol.qn
AT_Q-N_K#phys.atmol.qn
AT_Q-N_MISC#phys.atmol.qn
AT_Q-N_ORBITAL#phys.atmol.qn
AT_Q-N_PRINCIPAL#phys.atmol.qn
AT_Q-N_PRINCIPAL_FIRST#phys.atmol.qn
AT_Q-N_PRINCIPAL_SECOND#phys.atmol.qn
AT_Q-N_ROTATIONAL#phys.atmol.qn
AT_Q-N_TORSIONAL#phys.atmol.qn
AT_Q-N_VIBRATIONAL#phys.atmol.qn
AT_REACTION#meta.note
AT_SHELL-NUMBER#phys.atmol.qn
AT_SPECIES#phys.atmol.element
AT_STARK#spect.line.broad.Stark
AT_STARK_BROAD#spect.line.broad.Stark
AT_STARK_INTENSITY#spect.line.broad.Stark
AT_STAT-WEIGHT#phys.atmol.sWeight
AT_STRENGTH-PARAM#spect.line.width
AT_TRANS_BRNCH-RATIO#phys.atmol.branchingRatio
AT_TRANS_ENERGY#phys.energy;phys.atmol.transition
AT_TRANS_ID#meta.id;phys.atmol.transition
AT_TRANS_LEVELS#meta.id;phys.atmol.transition
AT_TRANS_MISC#phys.atmol.transition
AT_TRANS_PROB#phys.atmol.transProb
AT_TRANS_RECOMBIN#arith.rate;phys.atmol.transition
AT_TRANS_STRENGTH#spect.line.strength
AT_TRANS_TYPE#meta.code;phys.atmol.transition
AT_WAVELENGTH#em.wl;phys.atmol.transition
AT_WEIGHT#phys.atmol.weight
CLASS_BRIGHT#meta.code.class
CLASS_CODE#meta.code.class
CLASS_COLOR#src.class.color
CLASS_DISTANCE#src.class.distance
CLASS_MISC#src.class
CLASS_OBJECT#src.class
CLASS_RICHNESS#src.class.richness
CLASS_STAR/GALAXY#src.class.starGalaxy
CLASS_STRUCT#src.class.struct
CODE_ERROR#meta.code.error
CODE_LIMIT#meta.code
CODE_MEMB#meta.code.member
CODE_MISC#meta.code
CODE_MULT_FLAG#meta.code.multip
CODE_MULT_FREQUENCY#meta.code.multip
CODE_MULT_INDEX#meta.code.multip
CODE_QUALITY#meta.code.qual
CODE_VARIAB#meta.code;src.var
DATA_FACTOR-EXP#arith.factor
DATA_LINK#meta.ref.url
DATA_MAXIMUM#stat.max
DATA_SCALE-FACTOR#arith.factor
DATA_TYPE#meta.note
DYN_QUANTITY#meta.note
DYN_VALUE#stat.value
ERROR#stat.error
EXTENSION_AREA#phys.angSize
EXTENSION_DEC#phys.angSize;pos.eq.dec
EXTENSION_DIAM#phys.angSize
EXTENSION_FWHM#phys.angSize
EXTENSION_FWHM_CIRC#phys.angSize
EXTENSION_FWHM_MAJ#phys.angSize.smajAxis
EXTENSION_FWHM_MIN#phys.angSize.sminAxis
EXTENSION_HALFINT#phys.angSize;src
EXTENSION_MIN#phys.angSize;src
EXTENSION_NORM#phys.angSize;src
EXTENSION_RA#phys.angSize;pos.eq.ra
EXTENSION_RAD#phys.angSize;src
EXTENSION_SC-LENGTH#phys.angSize;src
EXTENSION_SMIN#phys.angSize;src
FIT_CHI2#stat.fit.chi2
FIT_ERROR#stat.error
FIT_GOODNESS#stat.fit.goodness
FIT_ID#meta.id;stat.fit
FIT_LF_GENERAL#phys.luminosity.fun
FIT_LF_MAG#phys.luminosity.fun
FIT_LF_MAG_MAX#phot.mag;stat.max
FIT_LF_MAG_MIN#phot.mag;stat.min
FIT_PARAM_COVAR#stat.covariance
FIT_PARAM_ID#meta.id;stat.fit.param
FIT_PARAM_VALUE#stat.fit.param
FIT_RATIO#stat.fit.omc
FIT_RESIDUAL#stat.fit.residual
FIT_STDEV#stat.stdev
FIT_TYPE#meta.id;stat.fit
FIT_ZP#stat.fit;arith.zp
ID_ALTERNATIVE#meta.id
ID_AREA#obs.field
ID_ASSOCIATED#meta.id.assoc
ID_AUTHOR#meta.bib.author
ID_CANDIDATE#meta.id
ID_CATALOG#meta.id;meta.dataset
ID_CHART#obs.field
ID_COMPARISON#meta.id
ID_CONSTEL#meta.id
ID_CROSSID#meta.id.cross
ID_DATABASE#meta.id;meta.dataset
ID_DATASET#meta.id;meta.dataset
ID_EXPOSURE#meta.id;time.duration;obs.exposure
ID_FIBER#meta.note
ID_FIELD#obs.field
ID_FIGURE#meta.bib.fig
ID_FILE#meta.id;meta.file
ID_FRAME#obs.field
ID_GROUP#meta.id
ID_HUMAN#obs.observer
ID_IDENTIFIER#meta.id
ID_IMAGE#obs.image
ID_MAIN#meta.id;meta.main
ID_MAIN:1#meta.id.part;meta.main
ID_MAIN:2#meta.id.part;meta.main
ID_MAIN:3#meta.id.part;meta.main
ID_MAP#obs.field
ID_NUMBER#meta.id
ID_PARAM#meta.note
ID_PARENT#meta.id.parent
ID_PLATE#obs.field
ID_REGION#obs.field
ID_SET#meta.id
ID_SLIT#meta.note
ID_SURVEY#meta.id
ID_TABLE#meta.id;meta.dataset
ID_TARGET#meta.id
ID_VARIAB#meta.id
ID_VERSION#meta.software
INST_ANG_OFFAXIS#instr.offset
INST_ANG_PHASE#src.orbital
INST_ANG_RESOL#pos.angResolution
INST_ANG_VEL#arith.rate;pos.angDistance
INST_ANTENNA-TEMP#phot.antennaTemp
INST_APERT#instr.fov
INST_AREA#phys.area;instr
INST_BACKGROUND#instr.background
INST_BAND#instr.bandpass
INST_BAND_DRIFT#arith.rate;em.freq
INST_BAND_PASS#instr.bandpass
INST_BANDWIDTH#instr.bandwidth
INST_BASELINE#instr.baseline
INST_BEAM_MISC#instr.param
INST_BEAM_SIZE#phys.angSize;instr.beam
INST_BEAM_TEMP#obs.param
INST_CALIB#instr.calib
INST_CALIB_ERROR#stat.error
INST_CALIB_MISC#instr.calib
INST_CALIB_PARAM#instr.calib
INST_CORR-FACTOR#instr.param
INST_DET_LIMIT#instr.sensitivity
INST_DET_MISC#instr.saturation
INST_DET_SIZE#instr.fov;instr.pixel
INST_DISPERSION#instr.dispersion
INST_EFFICIENCY#stat.param
INST_ERROR#stat.error;instr
INST_FILTER#instr.filter
INST_FILTER_CODE#meta.code;instr.filter
INST_FILTER_FWHM#instr.bandwidth
INST_FILTER_TRANSM#phys.transmission;instr.filter
INST_ID#meta.id;instr
INST_LINE-WIDTH#obs.param
INST_NOISE#instr.det.noise
INST_PARAM#instr.param
INST_PIXSIZE#phys.angSize;instr.pixel
INST_PLATE#instr.plate
INST_PLATE_DIMENSION#phys.size;instr.plate
INST_PLATE_DIST#pos;arith.diff
INST_PLATE_EMULSION#instr.plate.emulsion
INST_PLATE_EXTENSION#phys.angSize;instr.plate
INST_POS#pos.cartesian;instr.det
INST_PRECISION#instr.precision
INST_PSF#instr.det.psf
INST_QE#instr.det.qe
INST_S/N#stat.snr
INST_SAMP-TIME#instr.setup
INST_SCALE#instr.scale
INST_SEEING#instr.obsty.seeing
INST_SENSITIVITY#instr.sensitivity
INST_SETUP#instr.setup
INST_SKY_LEVEL#instr.skyLevel
INST_SKY_SIGMA#
INST_SKY_TEMP#instr.skyTemp
INST_SPECT#instr
INST_SPECT_BAND#instr.bandpass
INST_SPECT_CODE#meta.id;instr
INST_SPECT_ORDER#instr.order
INST_SPECT_SLIT-LENGTH#instr.setup
INST_SPECT_SLIT-WIDTH#instr.setup
INST_TEMP#phys.temperature;instr
INST_TEMP_SYST#instr.det.noise
INST_TRIGGER#instr.sensitivity
INST_TYPE#meta.code;instr
INST_VELOC_CENTRAL#spect.dopplerVeloc
INST_VELOC_SPACING#spect.resolution
INST_VELOC_WINDOW#phys.veloc
INST_WAVELENGTH#
INST_WAVELENGTH_COVERAGE#instr.bandwidth
INST_WAVELENGTH_EFFECTIVE#em.wl.effective
INST_WAVELENGTH_VALUE#instr.filter;em.wl.central
LUNAR-OCCULT#pos.lunar.occult
LUNAR-OCCULT_ANGLE#pos.lunar.occult
LUNAR-OCCULT_LIMB-SLOPE#pos.lunar.occult
MODEL_CONTINUUM#stat.param
MODEL_CORRECTION#arith.factor
MODEL_DRIFT-VELOC#stat.param
MODEL_DYN-TRIAX#stat.param
MODEL_ENERGY_DIST#stat.param
MODEL_EOS#phys.eos
MODEL_EOS_ID#meta.id;phys.eos
MODEL_EXTINCTION#phys.absorption
MODEL_EXTINCTION_COEFF#phys.absorption.coeff
MODEL_FEATURE#stat.param
MODEL_FLUX#phot.flux;meta.modelled
MODEL_ID#meta.id;stat.fit
MODEL_LINE-FLUX#phot.flux;meta.modelled
MODEL_MAG#phot.mag;meta.modelled
MODEL_MAG_CORR#phot.mag;arith.diff
MODEL_MAG_VALUE#phot.mag;meta.modelled
MODEL_PARAM#stat.param
MODEL_POP-SYNTHESIS#stat.param
MODEL_RESIDUAL#stat.fit.residual
MODEL_RESULT#stat.param
MODEL_TYPE#meta.id;stat.fit
MODEL_ZEEMAN#spect.line.broad.Zeeman
MODEL_ZEEMAN_COEFF#spect.line.broad.Zeeman
MORPH_ARMS#src.morph.param
MORPH_ARMS_RATIO#src.morph.param
MORPH_ARMS_WOUND#src.morph.param
MORPH_ASYMMETRY#src.morph.param
MORPH_BAR#src.morph.param
MORPH_CODE#meta.code;src.morph
MORPH_PARAM#src.morph.param
MORPH_TYPE#src.morph.type
NOTE#meta.note
NUMBER#meta.number
NUTATION#pos.eop.nutation
NUTATION_PARAM#pos.eop.nutation
OBS_ANG-SIZE#phys.angSize;src
OBS_BAND#instr.bandpass
OBS_CALIB#
OBS_CALIB_CONST#phot.calib;arith.zp
OBS_CALIB_FACTOR#arith.factor
OBS_CODE#meta.code;obs
OBS_CONDITIONS#meta.note;obs
OBS_DETECT-LIMIT#instr.sensitivity
OBS_DETECT-SIGNIF#stat.likelihood;obs
OBS_DIFF#obs.param;arith.diff
OBS_DRIFT#obs.param
OBS_FREQUENCY#em.freq
OBS_ID#meta.id;obs
OBS_LW#spect.line.width
OBS_METHOD#meta.code;obs
OBS_OTHER#meta.code;obs
OBS_PARAM#obs.param
OBS_PLATE_APERT#phys.angSize;src
OBS_PLATE_EXTENSION#phys.angSize;src
OBS_PRED/OBS#stat.fit.omc
OBS_RUN#meta.id;obs
OBS_SIZE_DEC#obs.param
OBS_SLIT_OFFSET#obs.param
OBS_SLIT_ORIENT#obs.param
OBS_SPECTRUM#phot.flux.density
OBS_TYPE#meta.code;obs
OBSTY#instr.obsty
OBSTY_ALTITUDE#pos.earth.altitude;instr.obsty
OBSTY_CODE#meta.id;instr.obsty
OBSTY_ID#meta.id;instr.obsty
ORBIT#src.orbital
ORBIT_ASC-NODE#src.orbital.node
ORBIT_COMETS#
ORBIT_CONV-ANGLE#src.orbital
ORBIT_DISTANCE#pos.distance;src.orbital
ORBIT_ECCENTRICITY#src.orbital.eccentricity
ORBIT_ELONGATION#src.orbital
ORBIT_FREQUENCY#pos.ephem
ORBIT_MEAN-ANOMALY#src.orbital.meanAnomaly
ORBIT_P-ASTRON_ARG#src.orbital.periastron
ORBIT_P-ASTRON_DATE#src.orbital.periastron
ORBIT_P-ASTRON_RATE#src.orbital.periastron
ORBIT_P-HELION#src.orbital.periastron
ORBIT_PARAM#src.orbital
ORBIT_PERIOD_DERIVATIVE#time.period
ORBIT_PHASE-ANGLE#src.orbital
ORBIT_RV_S-AMPLITUDE#phys.size;src.orbital
ORBIT_SEPARATION#pos.angDistance;src.orbital
ORBIT_SIZE_RADIUS#phys.angSize;src.orbital
ORBIT_SIZE_SMAJ#phys.angSize.smajAxis;src.orbital
PHOT_13C_33-52#phot.color;em.opt.U;em.opt.V
PHOT_13C_35-52#phot.color;em.opt.U;em.opt.V
PHOT_13C_37-52#phot.color;em.opt.U;em.opt.V
PHOT_13C_40-52#phot.color;em.opt.B;em.opt.V
PHOT_13C_45-52#phot.color;em.opt.B;em.opt.V
PHOT_13C_52#phot.mag;em.opt.V
PHOT_13C_52-110#phot.color;em.opt.V;em.IR.J
PHOT_13C_52-58#phot.color;em.opt.V;em.opt.V
PHOT_13C_52-63#phot.color;em.opt.V;em.opt.R
PHOT_13C_52-72#phot.color;em.opt.V;em.opt.R
PHOT_13C_52-80#phot.color;em.opt.V;em.opt.I
PHOT_13C_52-86#phot.color;em.opt.V;em.opt.I
PHOT_13C_52-99#phot.color;em.opt.V;em.opt.I
PHOT_ABS-MAG_BAND#phys.magAbs
PHOT_ABS-MAG_BOL#phys.magAbs.bol
PHOT_ATM_AIRMASS#obs.airMass
PHOT_ATM_EXT#obs.atmos.extinction
PHOT_BOL_CORR#phot.mag.bc
PHOT_BOL_FLUX#phot.flux.bol
PHOT_BOL_LUMINOSITY#phys.luminosity
PHOT_BOL_MAG#phot.mag.bol
PHOT_BRIGHTNESS-SLOPE#meta.cryptic
PHOT_CI_102-C220#phot.color
PHOT_CI_ALPHA#phot.color;em.opt.V;em.line.Halpha
PHOT_CI_B-I#phot.color;em.opt.B;em.opt.I
PHOT_CI_B-K#phot.color;em.opt.B;em.IR.K
PHOT_CI_B-R#phot.color;em.opt.B;em.opt.R
PHOT_CI_B-V#phot.color;em.opt.B;em.opt.V
PHOT_CI_BALMER#phot.color
PHOT_CI_BETA#phot.color
PHOT_CI_CN-TIO#phot.color;em.opt.I;em.opt.I
PHOT_CI_CODE#meta.code;phot.color
PHOT_CI_GB-GV#phot.color;em.opt.B;em.opt.V
PHOT_CI_GU-GB#phot.color;em.opt.U;em.opt.B
PHOT_CI_IR#phot.color;em.IR;em.IR
PHOT_CI_IR-OPT#phot.color;em.opt;em.IR
PHOT_CI_M-51#phot.mag;em.opt.V
PHOT_CI_OPT#phot.color;em.opt;em.opt
PHOT_CI_R-HALPHA#phot.color;em.opt.R;em.line.Halpha
PHOT_CI_R-I#phot.color;em.opt.R;em.opt.I
PHOT_CI_U-B#phot.color;em.opt.U;em.opt.B
PHOT_CI_U-R#phot.color;em.opt.U;em.opt.R
PHOT_CI_UNDEF#phot.color
PHOT_CI_UV-OPT#phot.color;em.UV;em.opt
PHOT_CI_V-I#phot.color;em.opt.V;em.opt.I
PHOT_CI_V-R#phot.color;em.opt.V;em.opt.R
PHOT_CI_VIL#phot.color;em.opt.B;em.opt.V
PHOT_CLASS#meta.note;phot
PHOT_COLOR_EXCESS#phot.color.excess
PHOT_COUNT-RATE_GAMMA#phot.count;em.gamma.hard
PHOT_COUNT-RATE_UV#phot.count;em.UV
PHOT_COUNT-RATE_X#phot.count;em.X-ray
PHOT_COUNTS_GAMMA#phot.count;em.gamma.hard
PHOT_COUNTS_IUE#phot.count;em.opt
PHOT_COUNTS_MISC#phot.count
PHOT_COUNTS_RADIO#phot.count;em.radio
PHOT_COUNTS_RATIO#phot.count;arith.ratio
PHOT_COUNTS_X#phot.count;em.X-ray
PHOT_COUS_I#phot.mag;em.opt.I
PHOT_COUS_R#phot.mag;em.opt.R
PHOT_COUS_R-I#phot.color;em.opt.R;em.opt.I
PHOT_COUS_V-I#phot.color;em.opt.V;em.opt.I
PHOT_COUS_V-R#phot.color;em.opt.V;em.opt.R
PHOT_DDO_35-38#phot.color;em.opt.U;em.opt.U
PHOT_DDO_38-41#phot.color;em.opt.U;em.opt.B
PHOT_DDO_41-42#phot.color;em.opt.B;em.opt.B
PHOT_DDO_42-45#phot.color;em.opt.B;em.opt.B
PHOT_DDO_42-48#phot.color;em.opt.B;em.opt.B
PHOT_DDO_45-48#phot.color;em.opt.B;em.opt.B
PHOT_DDO_48-51#phot.color;em.opt.B;em.opt.V
PHOT_DDO_M48#phot.mag;em.opt.B
PHOT_DIFF_CI#phot.color;arith.diff
PHOT_DIFF_MAG#phot.mag;arith.diff
PHOT_DIFF_SB#phot.mag.sb;arith.diff
PHOT_DIST-MOD#phot.mag.distMod
PHOT_EXTINCTION#phys.absorption
PHOT_EXTINCTION_GAL#phys.absorption.gal
PHOT_EXTINCTION_INT#phys.absorption
PHOT_EXTINCTION_ISM#phys.absorption
PHOT_EXTINCTION_R#phys.absorption
PHOT_EXTINCTION_TOTAL#phys.absorption
PHOT_FLUENCE#phot.fluence;em.gamma.hard
PHOT_FLUX#phot.flux
PHOT_FLUX_B#phot.flux;em.opt.B
PHOT_FLUX_DENSITY#phot.flux.density
PHOT_FLUX_GAMMA#phot.flux.density;em.gamma.hard
PHOT_FLUX_HALPHA#phot.flux;em.line.Halpha
PHOT_FLUX_HBETA#phot.flux;em.line.Hbeta
PHOT_FLUX_I#phot.flux;em.opt.I
PHOT_FLUX_IR#phot.flux;em.IR
PHOT_FLUX_IR_100#phot.flux.density;em.IR.60-100um
PHOT_FLUX_IR_12#phot.flux.density;em.IR.8-15um
PHOT_FLUX_IR_15#phot.flux.density;em.IR.8-15um
PHOT_FLUX_IR_170#phot.flux.density;em.mm.1500-3000GHz
PHOT_FLUX_IR_25#phot.flux.density;em.IR.15-30um
PHOT_FLUX_IR_3.5#phot.flux.density;em.IR.3-4um
PHOT_FLUX_IR_300#phot.flux.density;em.mm.750-1500GHz
PHOT_FLUX_IR_6#phot.flux.density;em.IR.4-8um
PHOT_FLUX_IR_60#phot.flux.density;em.IR.30-60um
PHOT_FLUX_IR_9#phot.flux.density;em.IR.8-15um
PHOT_FLUX_IR_FAR#phot.flux;em.IR
PHOT_FLUX_IR_J#phot.flux;em.IR.J
PHOT_FLUX_IR_H#phot.flux.density;em.IR.H
PHOT_FLUX_IR_K#phot.mag;em.IR.K
PHOT_FLUX_IR_L#phot.flux.density;em.IR.3-4um
PHOT_FLUX_IR_MISC#phot.flux.density;em.IR
PHOT_FLUX_NORM#phot.flux;arith.ratio
PHOT_FLUX_OPTICAL#phot.flux.density;em.opt
PHOT_FLUX_R#phot.flux;em.opt.R
PHOT_FLUX_RADIO#phot.flux;em.radio
PHOT_FLUX_RADIO_1.4G#phot.flux.density;em.radio.750-1500MHz
PHOT_FLUX_RADIO_1.6G#phot.flux.density;em.radio.1500-3000MHz
PHOT_FLUX_RADIO_10.7G#phot.flux.density;em.radio.6-12GHz
PHOT_FLUX_RADIO_110M#phot.flux.density;em.radio.100-200MHz
PHOT_FLUX_RADIO_125G#phot.flux.density;em.mm.100-200GHz
PHOT_FLUX_RADIO_150M#phot.flux.density;em.radio.100-200MHz
PHOT_FLUX_RADIO_15G#phot.flux.density;em.radio.12-30GHz
PHOT_FLUX_RADIO_175M#phot.flux.density;em.radio.100-200MHz
PHOT_FLUX_RADIO_180G#phot.flux.density;em.mm.100-200GHz
PHOT_FLUX_RADIO_1G#phot.flux.density;em.radio.750-1500MHz
PHOT_FLUX_RADIO_2.7G#phot.flux.density;em.radio.1500-3000MHz
PHOT_FLUX_RADIO_22G#phot.flux.density;em.radio.12-30GHz
PHOT_FLUX_RADIO_22M#phot.flux.density;em.radio.20-100MHz
PHOT_FLUX_RADIO_250G#phot.flux.density;em.mm.200-400GHz
PHOT_FLUX_RADIO_250M#phot.flux.density;em.radio.200-400MHz
PHOT_FLUX_RADIO_2G#phot.flux.density;em.radio.1500-3000MHz
PHOT_FLUX_RADIO_3.9G#phot.flux.density;em.radio.3-6GHz
PHOT_FLUX_RADIO_31M#phot.flux.density;em.radio.20-100MHz
PHOT_FLUX_RADIO_325M#phot.flux.density;em.radio.200-400MHz
PHOT_FLUX_RADIO_350G#phot.flux.density;em.mm.200-400GHz
PHOT_FLUX_RADIO_365M#phot.flux.density;em.radio.200-400MHz
PHOT_FLUX_RADIO_36G#phot.flux.density;em.mm.30-50GHz
PHOT_FLUX_RADIO_400M#phot.flux.density;em.radio.200-400MHz
PHOT_FLUX_RADIO_43G#phot.flux.density;em.mm.30-50GHz
PHOT_FLUX_RADIO_43M#phot.flux.density;em.radio.20-100MHz
PHOT_FLUX_RADIO_500G#phot.flux.density;em.mm.400-750GHz
PHOT_FLUX_RADIO_500M#phot.flux.density;em.radio.400-750MHz
PHOT_FLUX_RADIO_5G#phot.flux.density;em.radio.3-6GHz
PHOT_FLUX_RADIO_600M#phot.flux.density;em.radio.400-750MHz
PHOT_FLUX_RADIO_61M#phot.flux.density;em.radio.20-100MHz
PHOT_FLUX_RADIO_63G#phot.flux.density;em.mm.50-100GHz
PHOT_FLUX_RADIO_7.5G#phot.flux.density;em.radio.6-12GHz
PHOT_FLUX_RADIO_700G#phot.flux.density;em.mm.400-750GHz
PHOT_FLUX_RADIO_700M#phot.flux.density;em.radio.400-750MHz
PHOT_FLUX_RADIO_8.4G#phot.flux.density;em.radio.6-12GHz
PHOT_FLUX_RADIO_850M#phot.flux.density;em.radio.750-1500MHz
PHOT_FLUX_RADIO_87M#phot.flux.density;em.radio.20-100MHz
PHOT_FLUX_RADIO_90G#phot.flux.density;em.mm.50-100GHz
PHOT_FLUX_RADIO_MISC#phot.flux.density;em.radio
PHOT_FLUX_RADIO_SIO-MASER#phot.flux.density;em.radio
PHOT_FLUX_RATIO#phot.flux;arith.ratio
PHOT_FLUX_REL#phot.flux;arith.ratio
PHOT_FLUX_U#phot.flux;em.opt.U
PHOT_FLUX_UV#phot.flux;em.UV
PHOT_FLUX_V#phot.flux;em.opt.V
PHOT_FLUX_X#phot.flux;em.X-ray
PHOT_GEN_B-V#phot.color;em.opt.B;em.opt.V
PHOT_GEN_B1-B#phot.color;em.opt.B;em.opt.B
PHOT_GEN_B1-B2#phot.color;em.opt.B;em.opt.B
PHOT_GEN_B2-B#phot.color;em.opt.B;em.opt.B
PHOT_GEN_DELTA#phot.color
PHOT_GEN_G-B#phot.color;em.opt.V;em.opt.B
PHOT_GEN_M2#phot.color
PHOT_GEN_MISC#phot.mag
PHOT_GEN_U-B#phot.color;em.opt.U;em.opt.B
PHOT_GEN_V#phot.mag;em.opt.V
PHOT_GEN_V-B#phot.color;em.opt.V;em.opt.B
PHOT_GEN_V1-B#phot.color;em.opt.V;em.opt.B
PHOT_GEN_V1-G#phot.color;em.opt.V;em.opt.V
PHOT_GUNN_G#phot.mag;em.opt.R
PHOT_GUNN_G-I#phot.color;em.opt.B;em.opt.I
PHOT_GUNN_G-R#phot.color;em.opt.B;em.opt.R
PHOT_GUNN_I#phot.mag;em.opt.I
PHOT_GUNN_I-Z#phot.color;em.opt.I;em.opt.I
PHOT_GUNN_R#phot.mag;em.opt.R
PHOT_GUNN_R-I#phot.color;em.opt.R;em.opt.I
PHOT_GUNN_V#phot.mag;em.opt.V
PHOT_GUNN_V-R#phot.color;em.opt.V;em.opt.R
PHOT_GUNN_Z#phot.mag;em.opt.I
PHOT_HEI_U-B#phot.color;em.opt.U;em.opt.B
PHOT_HIPPAR#phot.mag;em.opt.V
PHOT_HST_CI_B-R#phot.color;em.opt.B;em.opt.R
PHOT_HST_CI_B-V#phot.color;em.opt.B;em.opt.V
PHOT_HST_CI_IR#phot.color;em.IR;em.IR
PHOT_HST_CI_R-I#phot.color;em.opt.R;em.opt.I
PHOT_HST_CI_U-B#phot.color;em.opt.U;em.opt.B
PHOT_HST_CI_U-V#phot.color;em.opt.U;em.opt.V
PHOT_HST_CI_V-I#phot.color;em.opt.V;em.opt.I
PHOT_HST_CI_V-R#phot.color;em.opt.V;em.opt.R
PHOT_HST_F1042M#phot.mag;em.IR.J
PHOT_HST_F140W#phot.mag;em.UV.100-200nm
PHOT_HST_F170W#phot.mag;em.UV.100-200nm
PHOT_HST_F220W#phot.mag;em.UV.200-300nm
PHOT_HST_F255W#phot.mag;em.UV.200-300nm
PHOT_HST_F275W#phot.mag;em.UV.200-300nm
PHOT_HST_F300W#phot.mag;em.opt.U
PHOT_HST_F342W#phot.mag;em.opt.U
PHOT_HST_F430W#phot.mag;em.opt.B
PHOT_HST_F450W#phot.mag;em.opt.B
PHOT_HST_F480LP#phot.mag;em.opt.B
PHOT_HST_F547M#phot.mag;em.opt.V
PHOT_HST_F555W#phot.mag;em.opt.V
PHOT_HST_F569W#phot.mag;em.opt.V
PHOT_HST_F606W#phot.mag;em.opt.R
PHOT_HST_F622W#phot.mag;em.opt.R
PHOT_HST_F675W#phot.mag;em.opt.R
PHOT_HST_F702W#phot.mag;em.opt.R
PHOT_HST_F725LP#phot.mag;em.opt.R
PHOT_HST_F775W#phot.mag;em.opt.I
PHOT_HST_F785LP#phot.mag;em.opt.I
PHOT_HST_F791W#phot.mag;em.opt.I
PHOT_HST_F814W#phot.mag;em.opt.I
PHOT_HST_F850LP#phot.mag;em.opt.I
PHOT_HST_V#phot.mag;em.opt.V
PHOT_INDX_HI#phot.color
PHOT_INT-BAND_B#phot.mag;em.opt
PHOT_INT-BAND_I#phot.mag;em.opt.I
PHOT_INT-BAND_R#phot.mag;em.opt.R
PHOT_INT-BAND_U#phot.mag;em.opt.R
PHOT_INT-BAND_V#phot.mag;em.opt.R
PHOT_INT-MAG_B#phot.mag;em.opt.B
PHOT_INT-MAG_H#phot.mag;em.IR.H
PHOT_INT-MAG_I#phot.mag;em.opt.I
PHOT_INT-MAG_J#phot.mag;em.IR.J
PHOT_INT-MAG_K#phot.mag;em.IR.K
PHOT_INT-MAG_MISC#phot.mag;em.opt
PHOT_INT-MAG_R#phot.mag;em.opt.R
PHOT_INT-MAG_U#phot.mag;em.opt.U
PHOT_INT-MAG_V#phot.mag;em.opt.V
PHOT_INTENSITY_ADU#phot.count;em.opt
PHOT_INTENSITY_ESTIMATED#phot.count;em.opt
PHOT_INTENSITY_MISC#phot.count;em.opt
PHOT_INTENSITY_NORMALIZED#phot.flux;em.opt;arith.ratio
PHOT_INTENSITY_PROFILE#spect.line.intensity
PHOT_INTENSITY_RATIO#phot.flux;arith.ratio
PHOT_IR_12-25#phot.color;em.IR.8-15um;em.IR.15-30um
PHOT_IR_2.29#phot.mag;em.IR.K
PHOT_IR_25-60#phot.color;em.IR.15-30um;em.IR.30-60um
PHOT_IR_3.4#phot.mag;em.IR.3-4um
PHOT_IR_4.2#phot.mag;em.IR.4-8um
PHOT_IR_BGAMMA#phot.mag;em.line.Brgamma
PHOT_IR_K-10#phot.color;em.IR.K;em.IR.8-15um
PHOT_IR_K-100#phot.color;em.IR.K;em.IR.60-100um
PHOT_IR_K-12#phot.color;em.IR.K;em.IR.8-15um
PHOT_IR_K-25#phot.color;em.IR.K;em.IR.15-30um
PHOT_IR_K-60#phot.color;em.IR.K;em.IR.30-60um
PHOT_IR_L0#phot.mag;em.IR.3-4um
PHOT_IR_MAG#phot.mag;em.IR
PHOT_IR_N1:8.38#phot.mag;em.IR.8-15um
PHOT_IR_N2:9.69#phot.mag;em.IR.8-15um
PHOT_IR_N3:12.89#phot.mag;em.IR.8-15um
PHOT_IR_N:10.4#phot.mag;em.IR.8-15um
PHOT_IR_Q:18.06#phot.mag;em.IR.15-30um
PHOT_JHN_B#phot.mag;em.opt.B
PHOT_JHN_B-H#phot.color;em.opt.B;em.IR.H
PHOT_JHN_B-I#phot.color;em.opt.B;em.opt.I
PHOT_JHN_B-K#phot.color;em.opt.B;em.IR.K
PHOT_JHN_B-K'#phot.color;em.opt.B;em.IR.K
PHOT_JHN_B-R#phot.color;em.opt.B;em.opt.R
PHOT_JHN_B-V#phot.color;em.opt.B;em.opt.V
PHOT_JHN_H#phot.mag;em.IR.H
PHOT_JHN_H-K#phot.color;em.IR.H;em.IR.K
PHOT_JHN_I#phot.mag;em.opt.I
PHOT_JHN_I-K#phot.color;em.opt.I;em.IR.K
PHOT_JHN_J#phot.mag;em.IR.J
PHOT_JHN_J-H#phot.color;em.IR.J;em.IR.H
PHOT_JHN_J-K#phot.color;em.IR.J;em.IR.K
PHOT_JHN_K#phot.mag;em.IR.K
PHOT_JHN_K'#phot.mag;em.IR.K
PHOT_JHN_K-L#phot.color;em.IR.K;em.IR.3-4um
PHOT_JHN_K-L'#phot.color;em.IR.K;em.IR.3-4um
PHOT_JHN_K-M#phot.color;em.IR.K;em.IR.4-8um
PHOT_JHN_K-N#phot.color;em.IR.K;em.IR.8-15um
PHOT_JHN_K-Q#phot.color;em.IR.K;em.IR.15-30um
PHOT_JHN_L#phot.mag;em.IR.3-4um
PHOT_JHN_L'#phot.mag;em.IR.3-4um
PHOT_JHN_L-M#phot.color;em.IR.3-4um;em.IR.4-8um
PHOT_JHN_M#phot.mag;em.IR.4-8um
PHOT_JHN_MISC#phot.mag
PHOT_JHN_N#phot.mag;em.IR.8-15um
PHOT_JHN_R#phot.mag;em.opt.R
PHOT_JHN_R-H#phot.color;em.opt.R;em.IR.H
PHOT_JHN_R-I#phot.color;em.opt.R;em.opt.I
PHOT_JHN_R-K#phot.color;em.opt.R;em.IR.K
PHOT_JHN_U#phot.mag;em.opt.U
PHOT_JHN_U-B#phot.color;em.opt.U;em.opt.B
PHOT_JHN_U-V#phot.color;em.opt.U;em.opt.V
PHOT_JHN_V#phot.mag;em.opt.V
PHOT_JHN_V-H#phot.color;em.opt.V;em.IR.H
PHOT_JHN_V-I#phot.color;em.opt.V;em.opt.I
PHOT_JHN_V-J#phot.color;em.opt.V;em.IR.J
PHOT_JHN_V-K#phot.color;em.opt.V;em.IR.K
PHOT_JHN_V-L#phot.color;em.opt.V;em.IR.3-4um
PHOT_JHN_V-M#phot.color;em.opt.V;em.IR.4-8um
PHOT_JHN_V-N#phot.color;em.opt.V;em.IR.8-15um
PHOT_JHN_V-R#phot.color;em.opt.V;em.opt.R
PHOT_K-CORRECTION#arith.factor;phot.mag
PHOT_LCKWD_81-78#phot.color;em.opt.I;em.opt.I
PHOT_MAG#phot.mag
PHOT_MAG_5007#phot.mag;em.line.OIII
PHOT_MAG_B#phot.mag;em.opt.B
PHOT_MAG_CENTR#phot.mag
PHOT_MAG_CORR#phot.mag;arith.diff
PHOT_MAG_DROP#phot.mag;arith.diff
PHOT_MAG_EYE#phot.mag;em.opt
PHOT_MAG_H#phot.mag;em.IR.H
PHOT_MAG_HI#phot.mag;em.radio.750-1500MHz
PHOT_MAG_I#phot.mag;em.opt.I
PHOT_MAG_J#phot.mag;em.IR.J
PHOT_MAG_K#phot.mag;em.IR.K
PHOT_MAG_LIMIT#phot.mag
PHOT_MAG_OFFST#phot.mag;arith.zp
PHOT_MAG_OPTICAL#phot.mag;em.opt
PHOT_MAG_R#phot.mag;em.opt.R
PHOT_MAG_U#phot.mag;em.opt.U
PHOT_MAG_UNDEF#phot.mag
PHOT_MAG_UV#phot.mag;em.UV
PHOT_MAG_V#phot.mag;em.opt.V
PHOT_PHG_B#phot.mag;em.opt.B
PHOT_PHG_B-R#phot.color;em.opt.B;em.opt.R
PHOT_PHG_B-V#phot.color;em.opt.B;em.opt.V
PHOT_PHG_BJ#phot.mag;em.opt.B
PHOT_PHG_BJ-RF#phot.color;em.opt.B;em.opt.R
PHOT_PHG_F#phot.mag;em.opt
PHOT_PHG_I#phot.mag;em.opt.I
PHOT_PHG_MAG#phot.mag;em.opt
PHOT_PHG_R#phot.mag;em.opt.R
PHOT_PHG_R-I#phot.color;em.opt.R;em.opt.I
PHOT_PHG_U-B#phot.color;em.opt.U;em.opt.B
PHOT_PHG_U#phot.mag;em.opt.U
PHOT_PHG_U-V#phot.color;em.opt.U;em.opt.V
PHOT_PHG_V#phot.mag;em.opt.V
PHOT_PHG_V-R#phot.color;em.opt.V;em.opt.R
PHOT_PROFILE_PAR#stat.fit.param
PHOT_RF_B-L#phot.color.reddFree
PHOT_RF_B-U#phot.color.reddFree
PHOT_RF_MISC#phot.color.reddFree
PHOT_RF_Q#phot.color.reddFree
PHOT_RF_STR#phot.color.reddFree
PHOT_RF_STR_C0#phot.color.reddFree
PHOT_RF_STR_M0#phot.color.reddFree
PHOT_RF_U-W#phot.color.reddFree
PHOT_RF_V#phot.mag.reddFree;em.opt.V
PHOT_RF_X#phot.color.reddFree
PHOT_RF_Y#phot.color.reddFree
PHOT_RF_Z#phot.color.reddFree
PHOT_SB#phot.mag.sb
PHOT_SB_CI#phot.mag.sb;arith.diff
PHOT_SB_CODE#meta.code;phot.mag.sb
PHOT_SB_GENERAL#phot.mag.sb
PHOT_SB_G#phot.mag.sb
PHOT_SB_IR-100#phot.flux.density.sb;em.IR.60-100um
PHOT_SB_JHN#phot.mag.sb
PHOT_SB_B#phot.mag.sb;em.opt.B
PHOT_SB_B-R#phot.mag.sb;arith.diff
PHOT_SB_H#phot.mag.sb;em.IR.H
PHOT_SB_I#phot.mag.sb;em.opt.I
PHOT_SB_J#phot.mag.sb;em.IR.J
PHOT_SB_K#phot.mag.sb;em.IR.K
PHOT_SB_K'#phot.mag.sb;em.IR.K
PHOT_SB_R#phot.mag.sb;em.opt.R
PHOT_SB_U#phot.mag.sb;em.opt.U
PHOT_SB_U-R#phot.mag.sb;arith.diff
PHOT_SB_V#phot.mag.sb;em.opt.V
PHOT_SB_LIMIT#phot.mag.sb;stat.max
PHOT_SB_RATIO#phot.mag.sb;arith.ratio
PHOT_SB_SKY#phot.mag.sb
PHOT_SD/B-BRIGHT#meta.cryptic
PHOT_SDSS_CI#phot.color
PHOT_SDSS_G#phot.mag;em.opt.B
PHOT_SDSS_G-R#phot.color;em.opt.B;em.opt.R
PHOT_SDSS_I#phot.mag;em.opt.I
PHOT_SDSS_I-Z#phot.color;em.opt.I;em.opt.I
PHOT_SDSS_R#phot.mag;em.opt.R
PHOT_SDSS_R-I#phot.color;em.opt.R;em.opt.I
PHOT_SDSS_U#phot.mag;em.opt.U
PHOT_SDSS_U-G#phot.color;em.opt.U;em.opt.B
PHOT_SDSS_Z#phot.mag;em.opt.I
PHOT_SPHOT_CONT-GRAD#phot.flux;meta.modelled
PHOT_SPHOT_CORR-FACT#arith.factor;phot.flux
PHOT_SPHOT_FLUX#phot.flux.density
PHOT_SPHOT_INDEX#phot.color
PHOT_SPHOT_INT-ENERGY#phot.flux.density;em.opt
PHOT_SPHOT_MAG#phot.mag;em.opt
PHOT_STR_B#phot.mag;em.opt.B
PHOT_STR_B-R#phot.color;em.opt.B;em.opt.R
PHOT_STR_B-V#phot.color;em.opt.B;em.opt.B
PHOT_STR_B-Y#phot.color;em.opt.B;em.opt.V
PHOT_STR_C1#phot.color
PHOT_STR_HBETA#phot.color;em.opt.B;em.line.Hbeta
PHOT_STR_M1#phot.color
PHOT_STR_MISC#phot.color
PHOT_STR_U#phot.mag;em.opt.U
PHOT_STR_U-B#phot.color;em.opt.U;em.opt.B
PHOT_STR_U-V#phot.color;em.opt.U;em.opt.B
PHOT_STR_V#phot.mag;em.opt.B
PHOT_STR_V-B#phot.color;em.opt.B;em.opt.B
PHOT_STR_V-Y#phot.color;em.opt.B;em.opt.V
PHOT_STR_Y#phot.mag;em.opt.V
PHOT_SYS-ID#meta.id;phot
PHOT_TOT-BRIGHT/B-BRIGHT#phot.mag;arith.ratio
PHOT_TRANSF_PARAM#stat.value
PHOT_TYCHO_B#phot.mag;em.opt.B
PHOT_TYCHO_V#phot.mag;em.opt.V
PHOT_UBVR20_B-V20#phot.color;em.opt.B;em.opt.V
PHOT_UBVR20_U-B20#phot.color;em.opt.U;em.opt.B
PHOT_UBVR20_V-R20#phot.color;em.opt.V;em.opt.R
PHOT_UV_1300#phot.mag;em.UV.100-200nm
PHOT_UV_1400#phot.mag;em.UV.100-200nm
PHOT_UV_1500#phot.mag;em.UV.100-200nm
PHOT_UV_1600#phot.mag;em.UV.100-200nm
PHOT_UV_1700#phot.mag;em.UV.100-200nm
PHOT_UV_1800#phot.mag;em.UV.100-200nm
PHOT_UV_1900#phot.mag;em.UV.100-200nm
PHOT_UV_2000#phot.mag;em.UV.200-300nm
PHOT_UV_2200#phot.mag;em.UV.200-300nm
PHOT_UV_2300#phot.mag;em.UV.200-300nm
PHOT_UV_2400#phot.mag;em.UV.200-300nm
PHOT_UV_2500#phot.mag;em.UV.200-300nm
PHOT_UV_2700#phot.mag;em.UV.200-300nm
PHOT_UV_2945#phot.mag;em.UV.200-300nm
PHOT_UV_3150#phot.mag;em.opt.U
PHOT_UV_3300#phot.mag;em.opt.U
PHOT_UV_4250#phot.mag;em.opt.B
PHOT_UV_COLOR#phot.color;em.UV;em.UV
PHOT_UV_GENERAL#phot.mag;em.UV
PHOT_UVBGRI_B#phot.mag;em.opt.B
PHOT_UVBGRI_G#phot.mag;em.opt.V
PHOT_UVBGRI_I#phot.mag;em.IR.J
PHOT_UVBGRI_R#phot.mag;em.opt.R
PHOT_UVBGRI_U#phot.mag;em.opt.U
PHOT_UVBGRI_V#phot.mag;em.opt.B
PHOT_VIL_P-X#phot.color;em.opt.U;em.opt.B
PHOT_VIL_S-V#phot.color;em.opt.R;em.opt.V
PHOT_VIL_U-P#phot.color;em.opt.U;em.opt.U
PHOT_VIL_U-V#phot.color;em.opt.U;em.opt.V
PHOT_VIL_V#phot.mag;em.opt.V
PHOT_VIL_V-P#phot.color;em.opt.V;em.opt.U
PHOT_VIL_V-S#phot.color;em.opt.V;em.opt.R
PHOT_VIL_V-W#phot.color;em.opt.V;em.opt.B
PHOT_VIL_V-X#phot.color;em.opt.V;em.opt.B
PHOT_VIL_V-Z#phot.color;em.opt.V;em.opt.V
PHOT_VIL_X#phot.mag;em.opt.B
PHOT_VIL_X-Y#phot.color;em.opt.B;em.opt.B
PHOT_VIL_Y-Z#phot.color;em.opt.B;em.opt.V
PHOT_VIL_Z-V#phot.color;em.opt.V;em.opt.V
PHOT_WASH_C#phot.mag;em.opt.U
PHOT_WASH_C-M#phot.color;em.opt.U;em.opt.V
PHOT_WASH_C-T1#phot.color;em.opt.U;em.opt.R
PHOT_WASH_M#phot.mag;em.opt.V
PHOT_WASH_M-T1#phot.color;em.opt.V;em.opt.R
PHOT_WASH_M-T2#phot.color;em.opt.V;em.opt.I
PHOT_WASH_T1#phot.mag;em.opt.R
PHOT_WASH_T2#phot.mag;em.opt.I
PHOT_WLRV_B#phot.mag;em.opt.B
PHOT_WLRV_B-L#phot.color;em.opt.B;em.opt.U
PHOT_WLRV_B-U#phot.color;em.opt.B;em.opt.U
PHOT_WLRV_B-W#phot.color;em.opt.B;em.opt.U
PHOT_WLRV_L#phot.mag;em.opt.U
PHOT_WLRV_U#phot.mag;em.opt.U
PHOT_WLRV_U-W#phot.color;em.opt.U;em.opt.U
PHOT_WLRV_V#phot.mag;em.opt.V
PHOT_WLRV_V-B#phot.color;em.opt.V;em.opt.B
PHOT_WLRV_W#phot.mag;em.opt.U
PHOT_ZP#phot.mag;arith.zp
PHYS_ABUND#phys.abund
PHYS_ABUND_MISC#phys.abund
PHYS_ABUND_X#phys.abund.X
PHYS_ABUND_Y#phys.abund.Y
PHYS_ABUND_Z#phys.abund.Z
PHYS_ABUND_[FE/H]#phys.abund.Fe
PHYS_ACCEL#phys.acceleration
PHYS_ALBEDO#phys.albedo
PHYS_ANG-MOMENTUM#phys.angMomentum
PHYS_AREA#phys.area
PHYS_AREA_CR-SECT#phys.atmol.crossSection
PHYS_AREA_GENERAL#phys.area
PHYS_AXIS-RATIO#phys.size.axisRatio
PHYS_BRIGHT_CHANGE#src.var
PHYS_COLUMN#phys.columnDensity
PHYS_COLUMN_DENSITY#phys.columnDensity
PHYS_COLUMN_MASS-DENSITY#phys.columnDensity
PHYS_COMPACTNESS#meta.code;phys.size
PHYS_CONCENT_INDEX#phys.size;arith.ratio
PHYS_DENSITY_ELECT#phys.density
PHYS_DENSITY_ENERGY#phys.energy.density
PHYS_DENSITY_MASS#phys.density
PHYS_DENSITY_MASS_SURF#phys.density
PHYS_DENSITY_MASS_VOL#phys.density
PHYS_DENSITY_NUMBER#phys.density
PHYS_DENSITY_RATIO#phys.density;arith.ratio
PHYS_DENSITY_SURFACE#src.density
PHYS_DISP-MEASURE#phys.dispMeasure
PHYS_DISTANCE_DIFF#pos.distance;arith.diff
PHYS_DISTANCE_NORM#pos.distance
PHYS_DISTANCE_PROJ#pos.distance
PHYS_DISTANCE_RATIO#pos.distance;arith.ratio
PHYS_DISTANCE_RELATIVE#pos.distance
PHYS_DISTANCE_TRUE#pos.distance
PHYS_ECCENTRICITY#src.orbital.eccentricity
PHYS_ELEC-FIELD#phys.electField
PHYS_ELLIPTICITY#src.ellipticity
PHYS_EM-MEASURE#phys.emissMeasure
PHYS_ENERGY_CONTRIB#phys.energy
PHYS_ENERGY_GENERAL#phys.energy
PHYS_ENERGY_INDEX#stat.fit.param
PHYS_ENERGY_ION#phys.energy
PHYS_ENERGY_LOSS-RATE#phys.energy
PHYS_ENERGY_X#em.energy
PHYS_EXCITATION_PARAM#phys.excitParam
PHYS_FLOW_POLARITY#meta.note;phys.magField
PHYS_GRADIENT_CHEMICAL#arith.grad;phys.abund
PHYS_GRADIENT_CI#arith.grad;phot.color
PHYS_GRADIENT_GENERAL#arith.grad
PHYS_GRADIENT_SB#arith.grad;phot.mag.sb
PHYS_GRADIENT_TEMP#arith.grad;phys.temperature
PHYS_GRADIENT_VELOCITY#arith.grad;phys.veloc
PHYS_GRAVITY#phys.gravity
PHYS_GRAVITY_POTENTIAL#arith.factor;phys.gravity
PHYS_GRAVITY_PRESS#phys.gravity;arith.diff
PHYS_GRAVITY_SURFACE#phys.gravity
PHYS_HEIGHT#phys.size
PHYS_IMPACT-PAR#src.impactParam
PHYS_INV-COMPTON-BEAM-FACT#stat.fit.param
PHYS_IONIZATION_PARAM#phys.ionizParam.rad
PHYS_IONIZATION_PHOTONS#
PHYS_IONIZATION_PHOTONS_RATIO#phys.luminosity;arith.ratio
PHYS_IONIZATION_PHOTONS_TOTAL#phys.luminosity
PHYS_LENGTH_RATIO#phys.size;arith.ratio
PHYS_LIMB-DARK#phot.limbDark
PHYS_LIMB-DARK_COEFF#phot.limbDark
PHYS_LUMINOSITY#phys.luminosity
PHYS_LUMINOSITY_B#phys.luminosity;em.opt.B
PHYS_LUMINOSITY_CARBON#phys.luminosity
PHYS_LUMINOSITY_CONTINUUM#phys.luminosity
PHYS_LUMINOSITY_DENSITY#phys.luminosity
PHYS_LUMINOSITY_GENERAL#phys.luminosity
PHYS_LUMINOSITY_H2O#phys.luminosity
PHYS_LUMINOSITY_HALPHA#phys.luminosity;em.line.Halpha
PHYS_LUMINOSITY_HBETA#phys.luminosity;em.line.Hbeta
PHYS_LUMINOSITY_HE#phys.luminosity
PHYS_LUMINOSITY_HYDROG#phys.luminosity
PHYS_LUMINOSITY_IR#phys.luminosity;em.IR
PHYS_LUMINOSITY_IR_100#phys.luminosity;em.IR.60-100um
PHYS_LUMINOSITY_IR_12#phys.luminosity;em.IR.8-15um
PHYS_LUMINOSITY_IR_25#phys.luminosity;em.IR.15-30um
PHYS_LUMINOSITY_IR_60#phys.luminosity;em.IR.30-60um
PHYS_LUMINOSITY_IR_MISC#phys.luminosity;em.IR
PHYS_LUMINOSITY_MASER#phys.luminosity
PHYS_LUMINOSITY_NU#phys.luminosity
PHYS_LUMINOSITY_OH#phys.luminosity
PHYS_LUMINOSITY_OPT#phys.luminosity;em.opt
PHYS_LUMINOSITY_PROFILE#phys.luminosity;arith.ratio
PHYS_LUMINOSITY_R#phys.luminosity
PHYS_LUMINOSITY_RADIO#phys.luminosity;em.radio
PHYS_LUMINOSITY_RATIO#phys.luminosity;arith.ratio
PHYS_LUMINOSITY_SURFACE#phys.luminosity
PHYS_LUMINOSITY_UV#phys.luminosity;em.UV
PHYS_LUMINOSITY_UV_LYA#phys.luminosity;em.UV
PHYS_LUMINOSITY_UV_MISC#phys.luminosity;em.UV
PHYS_LUMINOSITY_X#phys.luminosity;em.X-ray
PHYS_MAG-FIELD#phys.magField
PHYS_MASS_ABS-COEFF#phys.absorption.coeff
PHYS_MASS_FLUX#phys.mass.loss
PHYS_MASS_FRACTIONAL#phys.mass;arith.ratio
PHYS_MASS_FUNCTION#phys.mass
PHYS_MASS_LOSS#phys.mass.loss
PHYS_MASS_MISC#phys.mass
PHYS_MASS_RATIO#phys.mass;arith.ratio
PHYS_MASS_YIELD#phys.composition.yield
PHYS_MASS/LIGHT#phys.composition.massLightRatio
PHYS_OPACITY#phys.absorption.coeff
PHYS_OPTICAL-DEPTH#phys.absorption.opticalDepth
PHYS_OUTFLOW#phys.mass.loss
PHYS_OUTFLOW_PARAM#arith.factor;phys.mass.loss
PHYS_PLASMA_GAUNT-FACT#phys.gauntFactor
PHYS_PLASMA_PARAM#arith.factor;pos.distance
PHYS_PRESS_ELECT#phys.pressure
PHYS_PRESS_GAS#phys.pressure
PHYS_RAD-MAX-ROT-VEL#phys.angSize
PHYS_RADIATIVE-ACCEL#phys.acceleration
PHYS_REFLECTANCE#phys.albedo
PHYS_REFRACT-INDX#phys.refractIndex
PHYS_SEPARATION#pos.angDistance
PHYS_SIZE_DIAM#phys.size.diameter
PHYS_SIZE_HEIGHT#phys.size
PHYS_SIZE_LENGTH#src.morph.scLength
PHYS_SIZE_MAJ#phys.size
PHYS_SIZE_MIN#phys.size
PHYS_SIZE_RADIUS#phys.size.radius
PHYS_SIZE_RADIUS_GENERAL#phys.size.radius
PHYS_SIZE_RADIUS_NORM#phys.size.radius;arith.ratio
PHYS_SIZE_RATIO#phys.size;arith.ratio
PHYS_SIZE_SMAJ#phys.size.smajAxis
PHYS_SIZE_SMAJ_GENERAL#phys.size.smajAxis;src.orbital
PHYS_SIZE_SMAJ_NORM#phys.size;arith.ratio
PHYS_SIZE_SMIN#phys.size.sminAxis
PHYS_SIZE_SMIN_NORM#phys.size;arith.ratio
PHYS_STAR-FORM_RATE#phys.SFR
PHYS_SUN_ATM_ABS-COEFF#phys.absorption.coeff
PHYS_SUN_ATM_PARAM#spect.line.profile
PHYS_SUN_HARM/FUN-BAND-FREQ-RATIO#em.freq;arith.ratio
PHYS_TANG-DOPPLER-FACT#meta.note
PHYS_TEMP_DIFF#phys.temperature;arith.diff
PHYS_TEMP_EFFEC#phys.temperature.effective
PHYS_TEMP_ELECT#phys.temperature;phys.electron
PHYS_TEMP_EXCIT#phys.energy;phys.atmol.level
PHYS_TEMP_F-F#phys.temperature
PHYS_TEMP_KINETIC#phys.temperature
PHYS_TEMP_MISC#phys.temperature
PHYS_TEMP_PLASMA#phys.temperature
PHYS_TEMP_THETA#phys.temperature.effective
PHYS_TEMP_XRAY#phys.temperature
PHYS_TYPE#meta.note
PHYS_VOLUME_RATIO#stat.fit.param
PHYS_WIND_LUMINOSITY#phys.luminosity
POL_DEGREE#phys.polarization
POL_DEGREE_CIRC#phys.polarization.circular
POL_DEGREE_LINEAR#phys.polarization.linear
POL_DEGREE_MISC#phys.polarization
POL_FLUX_LCP#phot.flux.density
POL_FLUX_LINEAR#phot.flux.density
POL_FLUX_RCP#phot.flux.density
POL_INDEX#phys.polarization
POL_LAMBDA-MAX#em.wl
POL_LINEAR/CIRC#phys.polarization;arith.ratio
POL_PA_EQ#pos.posAng;phys.polarization
POL_PA_GAL#pos.posAng;phys.polarization
POL_PA_MISC#pos.posAng;phys.polarization
POL_ROTATION#phys.polarization.rotMeasure
POL_SENSE#meta.code;phys.polarization
POL_SLOPE#meta.code;phys.polarization
POL_STOKES_I#phys.polarization.stokes
POL_STOKES_Q#phys.polarization.stokes
POL_STOKES_U#phys.polarization.stokes
POL_STOKES_V#phys.polarization.stokes
POS_ANG_DIST_GENERAL#pos.angDistance
POS_ANG_DIST_REL#pos.angDistance
POS_ANG_DIST_SQ#pos.angDistance
POS_ANG_VEL#phys.veloc.ang
POS_CCD_X#pos.cartesian.x;instr.det
POS_CCD_Y#pos.cartesian.y;instr.det
POS_DETECTOR_DIST#pos.cartesian;instr.det
POS_DETECTOR_RADIUS#instr.setup
POS_DIR-COSINE#pos.dirCos
POS_EARTH_LAT#pos.earth.lat
POS_EARTH_LAT_MAIN#pos.earth.lat
POS_EARTH_LAT_VAR#pos.earth.lat
POS_EARTH_LOCATION#pos.earth.altitude;instr.obsty
POS_EARTH_LON#pos.earth.lon
POS_EC_LAT#pos.ecliptic.lat
POS_EC_LON#pos.ecliptic.lon
POS_EQ_A-V-PRECESS#
POS_EQ_DEC_3T#pos.eq.dec;arith.diff
POS_EQ_DEC_MAIN#pos.eq.dec;meta.main
POS_EQ_DEC_OFF#pos.eq.dec;arith.diff
POS_EQ_DEC_OTHER#pos.eq.dec
POS_EQ_DEC_PRECESS#pos.precess
POS_EQ_DEC_REL#pos.eq.dec;arith.diff
POS_EQ_PLX_FACTOR#pos.parallax
POS_EQ_PM#pos.pm
POS_EQ_PM-PA#pos.posAng;pos.pm
POS_EQ_PMDEC#pos.pm;pos.eq.dec
POS_EQ_PMRA#pos.pm;pos.eq.ra
POS_EQ_PREC#pos.precess
POS_EQ_PREC_DEC#pos.precess;pos.eq.dec
POS_EQ_PREC_RA#pos.precess;pos.eq.ra
POS_EQ_RA_2T#pos.eq.ra;arith.diff
POS_EQ_RA_3T#pos.eq.ra;arith.diff
POS_EQ_RA_CORR#pos.eq.ra;arith.diff
POS_EQ_RA_MAIN#pos.eq.ra;meta.main
POS_EQ_RA_OFF#pos.eq.ra;arith.diff
POS_EQ_RA_OTHER#pos.eq.ra
POS_EQ_RA_REL#pos.eq.ra;arith.diff
POS_EQ_X#pos.distance;pos.cartesian.x
POS_EQ_Y#pos.distance;pos.cartesian.y
POS_EQ_Z#pos.distance;pos.cartesian.z
POS_GAL_COSEC-B#pos.galactic.lat
POS_GAL_LAT#pos.galactic.lat
POS_GAL_LON#pos.galactic.lon
POS_GAL_GC#pos.distance;pos.galactocentric
POS_GAL_HC#pos.distance;pos.heliocentric
POS_GAL_X#pos.cartesian.x;pos.galactic
POS_GAL_Y#pos.cartesian.y;pos.galactic
POS_GAL_Z#pos.cartesian.z;pos.galactic
POS_GENERAL#pos.eq
POS_GEO_ANGLE#pos.angDistance
POS_GEO_DEC#pos.eq.dec
POS_GEO_RA#pos.eq.ra
POS_HA#pos.eq.ha
POS_HC_X#pos.cartesian.x;pos.heliocentric
POS_HC_Y#pos.cartesian.y;pos.heliocentric
POS_HC_Z#pos.cartesian.z;pos.heliocentric
POS_INCLIN_EC#src.orbital.inclination
POS_INCLIN_GP#src.orbital.inclination
POS_INCLIN_LOS#src.orbital.inclination
POS_JOVIC_X#pos
POS_JOVIC_Y#pos
POS_LAMBERT_R#pos.distance;pos.lambert
POS_LAMBERT_X#pos.distance;pos.lambert
POS_LAMBERT_Y#pos.distance;pos.lambert
POS_LIMIT#stat.fit.residual
POS_LITERAL#pos.eq
POS_LOCATION#meta.note
POS_MAP#pos.cartesian;instr.plate
POS_OCCULT_DIR#pos.lunar.occult
POS_OCCULT_POS#pos.lunar.occult
POS_OCCULT_SLOPE#pos.lunar.occult
POS_OFFSET#pos;arith.diff
POS_PAR-ANG#pos.parallax
POS_PARLX_DYN#pos.parallax.dyn
POS_PARLX_PHOT#pos.parallax.phot
POS_PARLX_RADIO#pos.parallax.spect
POS_PARLX_SPEC#pos.parallax.spect
POS_PARLX_TRIG#pos.parallax.trig
POS_PLANETARY#pos.bodyrc
POS_PLATE_DIFF#pos;arith.diff
POS_PLATE_X#pos.cartesian.x;instr.plate
POS_PLATE_Y#pos.cartesian.y;instr.plate
POS_PM_DIFF#pos.pm;arith.diff
POS_PM_DISP#stat.stdev;pos.pm
POS_PM_NON-EQ#pos.pm
POS_PM_PA#pos.posAng;pos.pm
POS_POS-ANG#pos.posAng
POS_PRECESSION#pos.precess
POS_RADIUS#stat.fit.param
POS_REFERENCE-SYSTEM#meta.note
POS_SG_LAT#pos.supergalactic.lat
POS_SG_LON#pos.supergalactic.lon
POS_SG_X#pos.cartesian.x;pos.supergalactic
POS_SG_Y#pos.cartesian.y;pos.supergalactic
POS_SG_Z#pos.cartesian.z;pos.supergalactic
POS_SOLAR_ELEVAT#pos.az.alt
POS_SOLAR_ELONG#pos.eq.ha
POS_TANG-PLANE#pos.cartesian
POS_TOPO_DEC#pos.eq.dec
POS_TOPO_RA#pos.eq.ra
POS_TRANSF_PARAM#
POS_VAR_RATE#arith.rate;pos
POS_ZD_MAIN#pos.az.zd
POS_ZD_RES#stat.fit.residual;pos.az.zd
RECORD#meta.record
REDSHIFT_DIFF#src.redshift;arith.diff
REDSHIFT_GC#src.redshift
REDSHIFT_HC#src.redshift
REDSHIFT_PHOT#src.redshift.phot
REDUCT_EXTR-RAD#stat.fit.param
REDUCT_METHOD#meta.note
REDUCT_PARAM#stat.fit.param
REFER_BIBCODE#meta.bib.bibcode
REFER_CODE#meta.bib
REFER_JOURN#meta.bib.journal
REFER_PAGE#meta.bib.page
REFER_TEXT#meta.ref
REFER_VOL#meta.bib.volume
REMARKS#meta.note
SPECT_BALMER_DEC#phot.flux;arith.ratio
SPECT_BALMER_JUMP#phot.flux;arith.ratio
SPECT_CONTINUUM_CORR-FACT#phot.flux.density;arith.ratio
SPECT_CONTINUUM_DEPTH#phot.flux.density;arith.ratio
SPECT_CONTINUUM_INDICATOR#spect.index
SPECT_CONTINUUM_PROP#stat.fit.param
SPECT_DOPPLER-PAR#spect.dopplerParam
SPECT_EMISSIVITY#phys.emissivity
SPECT_EQ-WIDTH#spect.line.eqWidth
SPECT_FEATURE_PROP#meta.note
SPECT_FEATURE_WIDTH#spect.line.width
SPECT_FLUX_NORM#phot.flux;arith.ratio
SPECT_FLUX_RATIO#phot.flux;arith.ratio
SPECT_FLUX_UV#phot.flux;em.UV
SPECT_FLUX_VALUE#phot.flux
SPECT_GENERAL#meta.note
SPECT_HARDNESS-RATIO#phot.flux;arith.ratio
SPECT_ID#meta.note
SPECT_INDEX_BANDPASS#meta.note
SPECT_INDEX_HALPHA#spect.index;em.line.Halpha
SPECT_INDEX_HBETA#spect.index;em.line.Hbeta
SPECT_INDEX_HGAMMA#spect.index;em.line.Hgamma
SPECT_INDEX_MISC#spect.index
SPECT_INTEGRAL#meta.note
SPECT_INTENSITY_ESTIMATED#meta.code;spect.line.intensity
SPECT_INTENSITY_FR-DROP#phot.flux;arith.ratio
SPECT_INTENSITY_HBETA-NORM#spect.line.intensity;arith.ratio
SPECT_INTENSITY_INST-UNIT#phot.flux.density
SPECT_INTENSITY_MAIN#spect.line.intensity
SPECT_INTENSITY_RATIO#spect.line.intensity;arith.ratio
SPECT_INTENSITY_REL#spect.line.intensity;arith.ratio
SPECT_LINE_BROADENING#spect.line.broad
SPECT_LINE_CENT#stat.fit.param
SPECT_LINE_DEPTH_DIFF#phot.flux.density;arith.diff
SPECT_LINE_DEPTH_VALUE#phot.flux.density;arith.ratio
SPECT_LINE_DIFF-FREQ#em.freq
SPECT_LINE_ENERGY#phys.energy;phys.atmol.level
SPECT_LINE_FREQUENCY#em.freq
SPECT_LINE_FWHM#spect.line.width
SPECT_LINE_ID#meta.id;spect.line
SPECT_LINE_INTENSITY#spect.line.intensity
SPECT_LINE_MOMENT#spect.line.width
SPECT_LINE_RATIO#spect.line.intensity;arith.ratio
SPECT_LINE_STRENGTH#spect.line.strength
SPECT_LINE_TEMP#spect.line.intensity
SPECT_LINE_WIDTH#spect.line.width
SPECT_LUM-CLASS#src.class.luminosity
SPECT_LUM/WVLNGTH-INT#phys.luminosity
SPECT_LUMINOSITY#phys.luminosity
SPECT_NORMALIZED#phot.flux.density;arith.ratio
SPECT_PECUL#meta.note
SPECT_POWER#phys.luminosity
SPECT_RANGE#instr.bandwidth
SPECT_RESOLUTION#spect.resolution
SPECT_S/N#stat.snr
SPECT_SENSITIVITY#instr.sensitivity
SPECT_SOFTNESS-RATIO#phot.flux;arith.ratio
SPECT_SP+INDEX#spect.index
SPECT_SP-INDEX#spect.index
SPECT_STARK#spect.line.broad.Stark
SPECT_SUN#phot.flux.density
SPECT_TYPE_GENERAL#src.spType
SPECT_TYPE_MK#src.spType
SPECT_TYPE_RADIO#src.spType
SPECT_VELOC_VALUE#spect.dopplerVeloc
SPECT_VELOC_WIDTH#spect.line.width
SPECT_WAVELENGTH_CENTRAL#em.wl.central
SPECT_WAVELENGTH_DIFF#em.wl;arith.diff
SPECT_WAVELENGTH_MISC#em.wl
STAT_%REJECT#stat.fit.param
STAT_COMPLETENESS#meta.note
STAT_CORRELATION#stat.correlation
STAT_COVAR#stat.covariance
STAT_DISP#stat.variance
STAT_LIKELIHOOD#stat.likelihood
STAT_LIKELIHOOD-RATIO#stat.likelihood
STAT_MEAN#src.sample;stat.mean
STAT_MEDIAN#src.sample;stat.median
STAT_N-DOF#stat.fit.dof
STAT_PARAM#stat.fit.param
STAT_PROBABILITY#stat.probability
STAT_PROP#stat
STAT_SAMP-FACTOR#stat
STAT_SIGNIFICANCE#stat.fit.goodness
STAT_STDEV#stat.stdev
STAT_VAR#stat.variance
TEL_FOCAL-LENGTH#instr.tel.focalLength
TEL_ID#meta.id;instr.tel
TEL_SIZE#phys.size;instr.tel
TIME_AGE#time.age
TIME_CROSSING#time.crossing
TIME_CYCLE#meta.number;time.period
TIME_DATE#time.epoch
TIME_DELAY#time;arith.diff
TIME_DIFF#time;arith.diff
TIME_DP/DT#arith.rate;time.period
TIME_EPOCH#time.epoch
TIME_EQUINOX#time.equinox
TIME_EVOLUTION#time.age
TIME_EXPTIME#time.duration;obs.exposure
TIME_INTERVAL#time.interval
TIME_LIMIT#time.interval;stat.max
TIME_MISC#time.epoch
TIME_PERIOD#time.period
TIME_PHASE#time.phase
TIME_RATE#time;arith.ratio
TIME_RELAXATION#time.relax
TIME_RESOLUTION#time.resolution
TIME_SCALE#time.scale
TIME_ZONE#meta.code;pos.earth.lon
UNITS#meta.unit
VAR_AMPLITUDE_RATIO#phot.mag;arith.ratio
VAR_AMPLITUDE_VALUE#src.var.amplitude
VAR_CLASS#meta.code;src.var
VAR_DF/DT2#stat.fit.param
VAR_DF/DT3#stat.fit.param
VAR_ECL-CYC-N#meta.number;time.period
VAR_FRACT-LIGHT#stat.fit.param
VAR_INDEX#src.var.index
VAR_LIGHT-DROP#phot.flux;arith.ratio
VAR_MAG-RANGE#src.var.amplitude
VAR_MEAN#phot.mag;stat.mean
VAR_MODEL-FIT#stat.fit.param
VAR_PERIOD_VAR#meta.note
VAR_PRIM-MIN#phot.mag;stat.min
VAR_PROBABILITY#stat.probability;src.var
VAR_PULSE_EQ-WIDTH#src.var.pulse
VAR_PULSE_WIDTH#src.var.pulse
VAR_RAD-OSCILL#phys.size.radius;arith.ratio
VAR_RRLYRA-FREQ#meta.cryptic
VAR_SEC-MIN#phot.mag;stat.min
VELOC_BARYCENTER#phys.veloc;pos.barycenter
VELOC_CM_X#phys.veloc
VELOC_CM_Y#phys.veloc
VELOC_CM_Z#phys.veloc
VELOC_CMB#phys.veloc;pos.cmb
VELOC_CORR#phys.veloc;arith.diff
VELOC_DIFF#phys.veloc;arith.diff
VELOC_DISP#phys.veloc.dispersion
VELOC_ESCAPE#phys.veloc.escape
VELOC_EXPANSION#phys.veloc.expansion
VELOC_GAL_MISC#phys.veloc
VELOC_GAL_PHI#phys.veloc
VELOC_GAL_RHO#phys.veloc
VELOC_GAL_U#phys.veloc;pos.cartesian.x
VELOC_GAL_V#phys.veloc;pos.cartesian.y
VELOC_GAL_W#phys.veloc;pos.cartesian.z
VELOC_GC#phys.veloc;pos.galactocentric
VELOC_GEOC#phys.veloc;pos.geocentric
VELOC_HC#spect.dopplerVeloc;pos.heliocentric
VELOC_LG#phys.veloc;pos.lg
VELOC_LSR#phys.veloc;pos.lsr
VELOC_MAX#phys.veloc;stat.max
VELOC_MEAN#phys.veloc;stat.mean
VELOC_MICRO-TURB#phys.veloc.microTurb
VELOC_MISC#phys.veloc
VELOC_OBS#phys.veloc
VELOC_OCCULT#phys.veloc.orbital
VELOC_ORBIT#phys.veloc.orbital
VELOC_PECULIAR#phys.veloc
VELOC_PRE-ENTRY#phys.veloc.orbital
VELOC_PULSAT#phys.veloc.pulsat
VELOC_RANGE#instr.bandwidth
VELOC_RELAT#phys.veloc;arith.diff
VELOC_RESID#stat.fit.residual;phys.veloc
VELOC_RMS#stat.stdev;phys.veloc
VELOC_ROTAT#phys.veloc.rotat
VELOC_SPACE_X#phys.veloc;pos.cartesian.x
VELOC_SPACE_Y#phys.veloc;pos.cartesian.y
VELOC_SPACE_Z#phys.veloc;pos.cartesian.z
VELOC_SYST_HC#phys.veloc;pos.heliocentric
VELOC_SYST_MISC#phys.veloc
VELOC_TANG_GAL#phys.veloc
VELOC_TANG_MISC#phys.veloc.transverse
VELOC_TANG_PEC#phys.veloc
VELOC_TOTAL#phys.veloc
VELOC_WIND#phys.veloc;arith.ratio
WEIGHT#stat.weight
